../Core/Src/main.c:87:5:main	8	static
../Core/Src/main.c:143:6:SystemClock_Config	88	static
../Core/Src/main.c:189:13:MX_I2C1_Init	8	static
../Core/Src/main.c:223:13:MX_I2S3_Init	8	static
../Core/Src/main.c:257:13:MX_SPI1_Init	8	static
../Core/Src/main.c:295:13:MX_TIM1_Init	96	static
../Core/Src/main.c:377:13:MX_TIM3_Init	32	static
../Core/Src/main.c:430:13:MX_GPIO_Init	56	static
../Core/Src/main.c:528:6:trigger_ultrasonic_pulse	8	static
../Core/Src/main.c:536:6:HAL_TIM_IC_CaptureCallback	24	static
../Core/Src/main.c:565:6:Error_Handler	4	static,ignoring_inline_asm
